// Vitest Snapshot v1, https://vitest.dev/guide/snapshot.html

exports[`Button > Button should respects size prop 1`] = `
<button
  class="transition-colors border border-solid rounded-md cursor-pointer flex gap-2 items-center justify-center bg-buttonBg text-buttonText border-buttonBorder hover:border-buttonHoverBorder hover:bg-buttonHoverBg active:bg-buttonBg active:text-buttonText active:border-buttonBorder disabled:text-fgMuted text-sm h-7 px-2"
>
  Small button
</button>
`;
